MPLINK 4.21, Linker
Linker Map File - Created Tue Nov 19 16:18:00 2013

                                 Section Info
                  Section       Type    Address   Location Size(Bytes)
                ---------  ---------  ---------  ---------  ---------
               _entry_scn       code   0x000000    program   0x000006
    HIGH_INTERRUPT_VECTOR       code   0x000008    program   0x000006
     LOW_INTERRUPT_VECTOR       code   0x000018    program   0x000006
    REMAPPED_RESET_VECTOR       code   0x001000    program   0x000006
REMAPPED_HIGH_INTERRUPT_VECTOR       code   0x001008    program   0x000006
REMAPPED_LOW_INTERRUPT_VECTOR       code   0x001018    program   0x000006
                   .cinit    romdata   0x00102a    program   0x00000e
       .code_usb_device.o       code   0x001038    program   0x000ac6
             .code_main.o       code   0x001afe    program   0x00092c
 .code_usb_function_hid.o       code   0x00242a    program   0x0000dc
.romdata_usb_descriptors.o    romdata   0x002506    program   0x0000c6
                     PROG       code   0x0025cc    program   0x0000a6
               _cinit_scn       code   0x002672    program   0x00009e
          .code_adcopen.o       code   0x002710    program   0x00006e
                   STRING       code   0x00277e    program   0x000034
         .code_adcsetch.o       code   0x0027b2    program   0x00002e
         .code_fxd1616u.o       code   0x0027e0    program   0x00002c
             _startup_scn       code   0x00280c    program   0x00001c
              D10TCYXCODE       code   0x002828    program   0x000016
          .code_adcread.o       code   0x00283e    program   0x000012
                    .code       code   0x002850    program   0x00000e
          .code_adcbusy.o       code   0x00285e    program   0x00000a
          .code_adcconv.o       code   0x002868    program   0x000004
           .code___init.o       code   0x00286c    program   0x000002
       .romdata_adcbusy.o    romdata   0x00286e    program   0x000000
    .romdata_usb_device.o    romdata   0x00286e    program   0x000000
       .romdata_adcconv.o    romdata   0x00286e    program   0x000000
      .romdata_fxd1616u.o    romdata   0x00286e    program   0x000000
       .romdata_adcopen.o    romdata   0x00286e    program   0x000000
       .romdata_adcread.o    romdata   0x00286e    program   0x000000
      .romdata_adcsetch.o    romdata   0x00286e    program   0x000000
        .romdata___init.o    romdata   0x00286e    program   0x000000
    .idata_usb_device.o_i    romdata   0x00286e    program   0x000000
.romdata_usb_function_hid.o    romdata   0x00286e    program   0x000000
.idata_usb_function_hid.o_i    romdata   0x00286e    program   0x000000
         .romdata_c018i.o    romdata   0x00286e    program   0x000000
.idata_usb_descriptors.o_i    romdata   0x00286e    program   0x000000
          .idata_main.o_i    romdata   0x00286e    program   0x000012
          .romdata_main.o    romdata   0x00286e    program   0x000000
         .idata_c018i.o_i    romdata   0x002880    program   0x000000
            .code_c018i.o       code   0x002880    program   0x000000
        .idata___init.o_i    romdata   0x002880    program   0x000000
  .code_usb_descriptors.o       code   0x002880    program   0x000000
      .idata_adcsetch.o_i    romdata   0x002880    program   0x000000
       .idata_adcread.o_i    romdata   0x002880    program   0x000000
       .idata_adcopen.o_i    romdata   0x002880    program   0x000000
      .idata_fxd1616u.o_i    romdata   0x002880    program   0x000000
       .idata_adcconv.o_i    romdata   0x002880    program   0x000000
       .idata_adcbusy.o_i    romdata   0x002880    program   0x000000
    .config_300000_main.o    romdata   0x300000    program   0x000001
    .config_300001_main.o    romdata   0x300001    program   0x000001
    .config_300002_main.o    romdata   0x300002    program   0x000001
    .config_300003_main.o    romdata   0x300003    program   0x000001
    .config_300005_main.o    romdata   0x300005    program   0x000001
    .config_300006_main.o    romdata   0x300006    program   0x000001
    .config_300008_main.o    romdata   0x300008    program   0x000001
    .config_300009_main.o    romdata   0x300009    program   0x000001
    .config_30000a_main.o    romdata   0x30000a    program   0x000001
    .config_30000b_main.o    romdata   0x30000b    program   0x000001
    .config_30000c_main.o    romdata   0x30000c    program   0x000001
    .config_30000d_main.o    romdata   0x30000d    program   0x000001
                MATH_DATA      udata   0x000000       data   0x000014
                 .tmpdata      udata   0x000014       data   0x000010
      .udata_usb_device.o      udata   0x000060       data   0x000025
            .udata_main.o      udata   0x000085       data   0x00001a
            .idata_main.o      idata   0x00009f       data   0x000012
           .udata_c018i.o      udata   0x0000b1       data   0x00000a
.udata_usb_function_hid.o      udata   0x0000bb       data   0x000003
        .idata_adcsetch.o      idata   0x0000be       data   0x000000
        .udata_adcsetch.o      udata   0x0000be       data   0x000000
          .udata___init.o      udata   0x0000be       data   0x000000
         .idata_adcread.o      idata   0x0000be       data   0x000000
          .idata___init.o      idata   0x0000be       data   0x000000
         .udata_adcread.o      udata   0x0000be       data   0x000000
         .idata_adcopen.o      idata   0x0000be       data   0x000000
         .udata_adcopen.o      udata   0x0000be       data   0x000000
        .idata_fxd1616u.o      idata   0x0000be       data   0x000000
        .udata_fxd1616u.o      udata   0x0000be       data   0x000000
         .idata_adcconv.o      idata   0x0000be       data   0x000000
         .udata_adcconv.o      udata   0x0000be       data   0x000000
         .idata_adcbusy.o      idata   0x0000be       data   0x000000
         .udata_adcbusy.o      udata   0x0000be       data   0x000000
      .idata_usb_device.o      idata   0x0000be       data   0x000000
.idata_usb_function_hid.o      idata   0x0000be       data   0x000000
 .idata_usb_descriptors.o      idata   0x0000be       data   0x000000
 .udata_usb_descriptors.o      udata   0x0000be       data   0x000000
           .idata_c018i.o      idata   0x0000be       data   0x000000
                   .stack      udata   0x000300       data   0x000100
                  USB_BDT      udata   0x000400       data   0x000036
                 USB_VARS      udata   0x000436       data   0x000080
            SFR_UNBANKED0      udata   0x000f62       data   0x00009e



                              Program Memory Usage 
                               Start         End      
                           ---------   ---------      
                            0x000000    0x000005      
                            0x000008    0x00000d      
                            0x000018    0x00001d      
                            0x001000    0x001005      
                            0x001008    0x00100d      
                            0x001018    0x00101d      
                            0x00102a    0x00287f      
                            0x300000    0x300003      
                            0x300005    0x300006      
                            0x300008    0x30000d      
            6278 out of 33048 program addresses used, program memory utilization is 18%



                              Symbols - Sorted by Name
                     Name    Address   Location    Storage File                     
                ---------  ---------  ---------  --------- ---------                
                 Adc_Init   0x001afe    program     extern C:\Microchip Solutions\USB Device - HID - Simple Custom Demo\Generic HID - Simple Demo - Firmware\adclib.h
               AnalogRead   0x001b3a    program     extern C:\Microchip Solutions\USB Device - HID - Simple Custom Demo\Generic HID - Simple Demo - Firmware\adclib.h
           BlinkUSBStatus   0x00224e    program     extern C:\Microchip Solutions\USB Device - HID - Simple Custom Demo\Generic HID - Simple Demo - Firmware\main.c
                  BusyADC   0x00285e    program     extern C:\MCC18\src\pmc_common\ADC\adcbusy.c
               ConvertADC   0x002868    program     extern C:\MCC18\src\pmc_common\ADC\adcconv.c
                    D10_1   0x002838    program     static C:\MCC18\src\traditional\delays\d10tcyx.asm
                     D10x   0x002830    program     static C:\MCC18\src\traditional\delays\d10tcyx.asm
                   D1616S   0x0025ee    program     static C:\MCC18\src\traditional\math\fxd1616s.asm
                D1616SNEG   0x0025fc    program     static C:\MCC18\src\traditional\math\fxd1616s.asm
                 D1616SOK   0x0025f8    program     static C:\MCC18\src\traditional\math\fxd1616s.asm
                  D1616SX   0x00260e    program     static C:\MCC18\src\traditional\math\fxd1616s.asm
                  DA1616S   0x0025de    program     static C:\MCC18\src\traditional\math\fxd1616s.asm
              Delay10TCYx   0x002828    program     extern C:\MCC18\src\traditional\delays\d10tcyx.asm
              DigitalRead   0x001c20    program     extern C:\Microchip Solutions\USB Device - HID - Simple Custom Demo\Generic HID - Simple Demo - Firmware\basicio.h
             DigitalWrite   0x001b82    program     extern C:\Microchip Solutions\USB Device - HID - Simple Custom Demo\Generic HID - Simple Demo - Firmware\basicio.h
                 FXD1616S   0x0025cc    program     extern C:\MCC18\src\traditional\math\fxd1616s.asm
                 FXD1616U   0x0027e0    program     extern C:\MCC18\src\traditional\math\fxd1616u.c
                 FXM1616S   0x002618    program     extern C:\MCC18\src\traditional\math\fxm1616s.asm
      HIDGetReportHandler   0x002500    program     extern C:\Microchip Solutions\Microchip\USB\HID Device Driver\usb_function_hid.c
                HIDInitEP   0x002504    program     extern C:\Microchip Solutions\Microchip\USB\HID Device Driver\usb_function_hid.c
      HIDSetReportHandler   0x002502    program     extern C:\Microchip Solutions\Microchip\USB\HID Device Driver\usb_function_hid.c
                 High_ISR   0x000008    program     extern C:\Microchip Solutions\USB Device - HID - Simple Custom Demo\Generic HID - Simple Demo - Firmware\main.c
         InitializeSystem   0x002002    program     static C:\Microchip Solutions\USB Device - HID - Simple Custom Demo\Generic HID - Simple Demo - Firmware\main.c
                  Low_ISR   0x000018    program     extern C:\Microchip Solutions\USB Device - HID - Simple Custom Demo\Generic HID - Simple Demo - Firmware\main.c
                  OpenADC   0x002710    program     extern C:\MCC18\src\pmc_common\ADC\adcopen.c
                ProcessIO   0x0020b0    program     extern C:\Microchip Solutions\USB Device - HID - Simple Custom Demo\Generic HID - Simple Demo - Firmware\main.c
                  ReadADC   0x00283e    program     extern C:\MCC18\src\pmc_common\ADC\adcread.c
                  Readpin   0x001c3a    program     extern C:\Microchip Solutions\USB Device - HID - Simple Custom Demo\Generic HID - Simple Demo - Firmware\basicio.h
                 Readport   0x001c5c    program     extern C:\Microchip Solutions\USB Device - HID - Simple Custom Demo\Generic HID - Simple Demo - Firmware\basicio.h
        Remapped_High_ISR   0x001008    program     extern C:\Microchip Solutions\USB Device - HID - Simple Custom Demo\Generic HID - Simple Demo - Firmware\main.c
         Remapped_Low_ISR   0x001018    program     extern C:\Microchip Solutions\USB Device - HID - Simple Custom Demo\Generic HID - Simple Demo - Firmware\main.c
               SetChanADC   0x0027b2    program     extern C:\MCC18\src\pmc_common\ADC\adcsetch.c
                   Setpin   0x001ba6    program     extern C:\Microchip Solutions\USB Device - HID - Simple Custom Demo\Generic HID - Simple Demo - Firmware\basicio.h
         Switch2IsPressed   0x002212    program     extern C:\Microchip Solutions\USB Device - HID - Simple Custom Demo\Generic HID - Simple Demo - Firmware\main.c
         Switch3IsPressed   0x002230    program     extern C:\Microchip Solutions\USB Device - HID - Simple Custom Demo\Generic HID - Simple Demo - Firmware\main.c
               TSIGN1616A   0x002664    program     static C:\MCC18\src\traditional\math\fxm1616s.asm
       USBCBCheckOtherReq   0x0022d8    program     extern C:\Microchip Solutions\USB Device - HID - Simple Custom Demo\Generic HID - Simple Demo - Firmware\main.c
        USBCBErrorHandler   0x0022d6    program     extern C:\Microchip Solutions\USB Device - HID - Simple Custom Demo\Generic HID - Simple Demo - Firmware\main.c
              USBCBInitEP   0x0022de    program     extern C:\Microchip Solutions\USB Device - HID - Simple Custom Demo\Generic HID - Simple Demo - Firmware\main.c
          USBCBSendResume   0x0022f2    program     extern C:\Microchip Solutions\USB Device - HID - Simple Custom Demo\Generic HID - Simple Demo - Firmware\main.c
    USBCBStdSetDscHandler   0x0022dc    program     extern C:\Microchip Solutions\USB Device - HID - Simple Custom Demo\Generic HID - Simple Demo - Firmware\main.c
             USBCBSuspend   0x0022d0    program     extern C:\Microchip Solutions\USB Device - HID - Simple Custom Demo\Generic HID - Simple Demo - Firmware\main.c
     USBCBWakeFromSuspend   0x0022d2    program     extern C:\Microchip Solutions\USB Device - HID - Simple Custom Demo\Generic HID - Simple Demo - Firmware\main.c
        USBCB_SOF_Handler   0x0022d4    program     extern C:\Microchip Solutions\USB Device - HID - Simple Custom Demo\Generic HID - Simple Demo - Firmware\main.c
       USBCheckHIDRequest   0x00242a    program     extern C:\Microchip Solutions\Microchip\USB\HID Device Driver\usb_function_hid.c
       USBCheckStdRequest   0x001342    program     extern C:\Microchip Solutions\Microchip\USB\usb_device.c
    USBClearInterruptFlag   0x0018d2    program     extern C:\Microchip Solutions\Microchip\USB\usb_device.c
     USBConfigureEndpoint   0x001792    program     extern C:\Microchip Solutions\Microchip\USB\usb_device.c
         USBCtrlEPService   0x0011c2    program     extern C:\Microchip Solutions\Microchip\USB\usb_device.c
 USBCtrlEPServiceComplete   0x00159a    program     extern C:\Microchip Solutions\Microchip\USB\usb_device.c
      USBCtrlTrfInHandler   0x00123a    program     extern C:\Microchip Solutions\Microchip\USB\usb_device.c
     USBCtrlTrfOutHandler   0x00122a    program     extern C:\Microchip Solutions\Microchip\USB\usb_device.c
      USBCtrlTrfRxService   0x0016ae    program     extern C:\Microchip Solutions\Microchip\USB\usb_device.c
   USBCtrlTrfSetupHandler   0x001208    program     extern C:\Microchip Solutions\Microchip\USB\usb_device.c
      USBCtrlTrfTxService   0x00160a    program     extern C:\Microchip Solutions\Microchip\USB\usb_device.c
            USBDeviceInit   0x001038    program     extern C:\Microchip Solutions\Microchip\USB\usb_device.c
           USBDeviceTasks   0x0010a6    program     extern C:\Microchip Solutions\Microchip\USB\usb_device.c
        USBEnableEndpoint   0x0017fc    program     extern C:\Microchip Solutions\Microchip\USB\usb_device.c
USBPrepareForNextSetupTrf   0x001292    program     extern C:\Microchip Solutions\Microchip\USB\usb_device.c
         USBStallEndpoint   0x00183e    program     extern C:\Microchip Solutions\Microchip\USB\usb_device.c
          USBStallHandler   0x001180    program     extern C:\Microchip Solutions\Microchip\USB\usb_device.c
  USBStdFeatureReqHandler   0x0013e6    program     extern C:\Microchip Solutions\Microchip\USB\usb_device.c
      USBStdGetDscHandler   0x0014b2    program     extern C:\Microchip Solutions\Microchip\USB\usb_device.c
   USBStdGetStatusHandler   0x001528    program     extern C:\Microchip Solutions\Microchip\USB\usb_device.c
      USBStdSetCfgHandler   0x001760    program     extern C:\Microchip Solutions\Microchip\USB\usb_device.c
               USBSuspend   0x0011a2    program     extern C:\Microchip Solutions\Microchip\USB\usb_device.c
     USBTransferOnePacket   0x001864    program     extern C:\Microchip Solutions\Microchip\USB\usb_device.c
       USBWakeFromSuspend   0x0011ae    program     extern C:\Microchip Solutions\Microchip\USB\usb_device.c
               USB_CD_Ptr   0x0025c4    program     extern C:\Microchip Solutions\USB Device - HID - Simple Custom Demo\Generic HID - Simple Demo - Firmware\usb_descriptors.c
               USB_SD_Ptr   0x0025c6    program     extern C:\Microchip Solutions\USB Device - HID - Simple Custom Demo\Generic HID - Simple Demo - Firmware\usb_descriptors.c
                 UserInit   0x002080    program     extern C:\Microchip Solutions\USB Device - HID - Simple Custom Demo\Generic HID - Simple Demo - Firmware\main.c
                Writeport   0x001be2    program     extern C:\Microchip Solutions\USB Device - HID - Simple Custom Demo\Generic HID - Simple Demo - Firmware\basicio.h
  YourHighPriorityISRCode   0x001c98    program     extern C:\Microchip Solutions\USB Device - HID - Simple Custom Demo\Generic HID - Simple Demo - Firmware\main.c
   YourLowPriorityISRCode   0x001c9c    program     extern C:\Microchip Solutions\USB Device - HID - Simple Custom Demo\Generic HID - Simple Demo - Firmware\main.c
              _2jContinue   0x00279e    program     static C:\MCC18\src\traditional\stdclib\memset.asm
                   _3jEnd   0x0027a8    program     static C:\MCC18\src\traditional\stdclib\memset.asm
        _D10TCYXCODE_000A   0x002832    program     static C:\MCC18\src\traditional\delays\d10tcyx.asm
        _D10TCYXCODE_000C   0x002834    program     static C:\MCC18\src\traditional\delays\d10tcyx.asm
        _D10TCYXCODE_000E   0x002836    program     static C:\MCC18\src\traditional\delays\d10tcyx.asm
       ___return_lbl00000   0x00280a    program     static                          
       ___return_lbl00000   0x000004    program     static                          
       ___return_lbl00001   0x002826    program     static                          
       ___return_lbl00002   0x00270e    program     static                          
       ___return_lbl00031   0x001004    program     static                          
       ___return_lbl00032   0x00100c    program     static                          
       ___return_lbl00033   0x00101c    program     static                          
       ___return_lbl00034   0x00000c    program     static                          
       ___return_lbl00035   0x00001c    program     static                          
               __config_0   0x300000    program     static C:\Microchip Solutions\USB Device - HID - Simple Custom Demo\Generic HID - Simple Demo - Firmware\basicio.h
               __config_1   0x300001    program     static C:\Microchip Solutions\USB Device - HID - Simple Custom Demo\Generic HID - Simple Demo - Firmware\basicio.h
              __config_10   0x30000c    program     static C:\Microchip Solutions\USB Device - HID - Simple Custom Demo\Generic HID - Simple Demo - Firmware\basicio.h
              __config_11   0x30000d    program     static C:\Microchip Solutions\USB Device - HID - Simple Custom Demo\Generic HID - Simple Demo - Firmware\basicio.h
               __config_2   0x300002    program     static C:\Microchip Solutions\USB Device - HID - Simple Custom Demo\Generic HID - Simple Demo - Firmware\basicio.h
               __config_3   0x300003    program     static C:\Microchip Solutions\USB Device - HID - Simple Custom Demo\Generic HID - Simple Demo - Firmware\basicio.h
               __config_4   0x300005    program     static C:\Microchip Solutions\USB Device - HID - Simple Custom Demo\Generic HID - Simple Demo - Firmware\basicio.h
               __config_5   0x300006    program     static C:\Microchip Solutions\USB Device - HID - Simple Custom Demo\Generic HID - Simple Demo - Firmware\basicio.h
               __config_6   0x300008    program     static C:\Microchip Solutions\USB Device - HID - Simple Custom Demo\Generic HID - Simple Demo - Firmware\basicio.h
               __config_7   0x300009    program     static C:\Microchip Solutions\USB Device - HID - Simple Custom Demo\Generic HID - Simple Demo - Firmware\basicio.h
               __config_8   0x30000a    program     static C:\Microchip Solutions\USB Device - HID - Simple Custom Demo\Generic HID - Simple Demo - Firmware\basicio.h
               __config_9   0x30000b    program     static C:\Microchip Solutions\USB Device - HID - Simple Custom Demo\Generic HID - Simple Demo - Firmware\basicio.h
                   __init   0x00286c    program     extern C:\MCC18\src\traditional\stdclib\__init.c
                   __pa_0   0x0018fc    program     static C:\Microchip Solutions\Microchip\USB\usb_device.c
                   __pa_0   0x00230e    program     static C:\Microchip Solutions\USB Device - HID - Simple Custom Demo\Generic HID - Simple Demo - Firmware\basicio.h
                   __pa_1   0x00190a    program     static C:\Microchip Solutions\Microchip\USB\usb_device.c
                   __pa_1   0x00231c    program     static C:\Microchip Solutions\USB Device - HID - Simple Custom Demo\Generic HID - Simple Demo - Firmware\main.c
                  __pa_10   0x001976    program     static C:\Microchip Solutions\Microchip\USB\usb_device.c
                  __pa_10   0x002398    program     static C:\Microchip Solutions\USB Device - HID - Simple Custom Demo\Generic HID - Simple Demo - Firmware\main.c
                  __pa_11   0x001988    program     static C:\Microchip Solutions\Microchip\USB\usb_device.c
                  __pa_11   0x0023a6    program     static C:\Microchip Solutions\USB Device - HID - Simple Custom Demo\Generic HID - Simple Demo - Firmware\main.c
                  __pa_12   0x0019a4    program     static C:\Microchip Solutions\Microchip\USB\usb_device.c
                  __pa_12   0x0023b4    program     static C:\Microchip Solutions\USB Device - HID - Simple Custom Demo\Generic HID - Simple Demo - Firmware\basicio.h
                  __pa_13   0x0019b6    program     static C:\Microchip Solutions\Microchip\USB\usb_device.c
                  __pa_13   0x0023be    program     static C:\Microchip Solutions\USB Device - HID - Simple Custom Demo\Generic HID - Simple Demo - Firmware\main.c
                  __pa_14   0x0019c0    program     static C:\Microchip Solutions\Microchip\USB\usb_device.c
                  __pa_14   0x0023c8    program     static C:\Microchip Solutions\USB Device - HID - Simple Custom Demo\Generic HID - Simple Demo - Firmware\main.c
                  __pa_15   0x0019c6    program     static C:\Microchip Solutions\Microchip\USB\usb_device.c
                  __pa_15   0x0023d0    program     static C:\Microchip Solutions\USB Device - HID - Simple Custom Demo\Generic HID - Simple Demo - Firmware\main.c
                  __pa_16   0x0019ca    program     static C:\Microchip Solutions\Microchip\USB\usb_device.c
                  __pa_16   0x0023de    program     static C:\Microchip Solutions\USB Device - HID - Simple Custom Demo\Generic HID - Simple Demo - Firmware\main.c
                  __pa_17   0x0019d6    program     static C:\Microchip Solutions\Microchip\USB\usb_device.c
                  __pa_17   0x0023ec    program     static C:\Microchip Solutions\USB Device - HID - Simple Custom Demo\Generic HID - Simple Demo - Firmware\basicio.h
                  __pa_18   0x0019e6    program     static C:\Microchip Solutions\Microchip\USB\usb_device.c
                  __pa_18   0x0023f8    program     static C:\Microchip Solutions\USB Device - HID - Simple Custom Demo\Generic HID - Simple Demo - Firmware\main.c
                  __pa_19   0x002406    program     static C:\Microchip Solutions\USB Device - HID - Simple Custom Demo\Generic HID - Simple Demo - Firmware\main.c
                  __pa_19   0x0019f6    program     static C:\Microchip Solutions\Microchip\USB\usb_device.c
                   __pa_2   0x00191e    program     static C:\Microchip Solutions\Microchip\USB\usb_device.c
                   __pa_2   0x002324    program     static C:\Microchip Solutions\USB Device - HID - Simple Custom Demo\Generic HID - Simple Demo - Firmware\main.c
                  __pa_20   0x001a06    program     static C:\Microchip Solutions\Microchip\USB\usb_device.c
                  __pa_20   0x002416    program     static C:\Microchip Solutions\USB Device - HID - Simple Custom Demo\Generic HID - Simple Demo - Firmware\main.c
                  __pa_21   0x00241c    program     static C:\Microchip Solutions\USB Device - HID - Simple Custom Demo\Generic HID - Simple Demo - Firmware\main.c
                  __pa_21   0x001a16    program     static C:\Microchip Solutions\Microchip\USB\usb_device.c
                  __pa_22   0x002424    program     static C:\Microchip Solutions\USB Device - HID - Simple Custom Demo\Generic HID - Simple Demo - Firmware\basicio.h
                  __pa_22   0x001a24    program     static C:\Microchip Solutions\Microchip\USB\usb_device.c
                  __pa_23   0x001a32    program     static C:\Microchip Solutions\Microchip\USB\usb_device.c
                  __pa_24   0x001a3a    program     static C:\Microchip Solutions\Microchip\USB\usb_device.c
                  __pa_25   0x001a44    program     static C:\Microchip Solutions\Microchip\USB\usb_device.c
                  __pa_26   0x001a4e    program     static C:\Microchip Solutions\Microchip\USB\usb_device.c
                  __pa_27   0x001a6a    program     static C:\Microchip Solutions\Microchip\USB\usb_device.c
                  __pa_28   0x001a76    program     static C:\Microchip Solutions\Microchip\USB\usb_device.c
                  __pa_29   0x001a82    program     static C:\Microchip Solutions\Microchip\USB\usb_device.c
                   __pa_3   0x001928    program     static C:\Microchip Solutions\Microchip\USB\usb_device.c
                   __pa_3   0x002332    program     static C:\Microchip Solutions\USB Device - HID - Simple Custom Demo\Generic HID - Simple Demo - Firmware\main.c
                  __pa_30   0x001a8c    program     static C:\Microchip Solutions\Microchip\USB\usb_device.c
                  __pa_31   0x001a94    program     static C:\Microchip Solutions\Microchip\USB\usb_device.c
                  __pa_32   0x001a9e    program     static C:\Microchip Solutions\Microchip\USB\usb_device.c
                  __pa_33   0x001aa8    program     static C:\Microchip Solutions\Microchip\USB\usb_device.c
                  __pa_34   0x001ab6    program     static C:\Microchip Solutions\Microchip\USB\usb_device.c
                  __pa_35   0x001ac6    program     static C:\Microchip Solutions\Microchip\USB\usb_device.c
                  __pa_36   0x001acc    program     static C:\Microchip Solutions\Microchip\USB\usb_device.c
                  __pa_37   0x001ad6    program     static C:\Microchip Solutions\Microchip\USB\usb_device.c
                  __pa_38   0x001ade    program     static C:\Microchip Solutions\Microchip\USB\usb_device.c
                  __pa_39   0x001af4    program     static C:\Microchip Solutions\Microchip\USB\usb_device.c
                   __pa_4   0x001932    program     static C:\Microchip Solutions\Microchip\USB\usb_device.c
                   __pa_4   0x00234e    program     static C:\Microchip Solutions\USB Device - HID - Simple Custom Demo\Generic HID - Simple Demo - Firmware\main.c
                   __pa_5   0x00193a    program     static C:\Microchip Solutions\Microchip\USB\usb_device.c
                   __pa_5   0x00235c    program     static C:\Microchip Solutions\USB Device - HID - Simple Custom Demo\Generic HID - Simple Demo - Firmware\main.c
                   __pa_6   0x00193e    program     static C:\Microchip Solutions\Microchip\USB\usb_device.c
                   __pa_6   0x002366    program     static C:\Microchip Solutions\USB Device - HID - Simple Custom Demo\Generic HID - Simple Demo - Firmware\basicio.h
                   __pa_7   0x00194c    program     static C:\Microchip Solutions\Microchip\USB\usb_device.c
                   __pa_7   0x00236e    program     static C:\Microchip Solutions\USB Device - HID - Simple Custom Demo\Generic HID - Simple Demo - Firmware\basicio.h
                   __pa_8   0x001958    program     static C:\Microchip Solutions\Microchip\USB\usb_device.c
                   __pa_8   0x00237c    program     static C:\Microchip Solutions\USB Device - HID - Simple Custom Demo\Generic HID - Simple Demo - Firmware\main.c
                   __pa_9   0x001962    program     static C:\Microchip Solutions\Microchip\USB\usb_device.c
                   __pa_9   0x002388    program     static C:\Microchip Solutions\USB Device - HID - Simple Custom Demo\Generic HID - Simple Demo - Firmware\main.c
              __tmplbl_18   0x002366    program     static                          
              __tmplbl_19   0x002366    program     static                          
              __tmplbl_20   0x002366    program     static                          
              __tmplbl_25   0x0019c6    program     static                          
              __tmplbl_31   0x0019c6    program     static                          
            __zero_memory   0x002850    program     extern C:\MCC18\src\traditional\proc\p18F4550.asm
                _do_cinit   0x002672    program     extern C:\MCC18\src\traditional\startup\c018i.c
                   _entry   0x000000    program     extern C:\MCC18\src\traditional\startup\c018i.c
                   _reset   0x001000    program     extern C:\Microchip Solutions\USB Device - HID - Simple Custom Demo\Generic HID - Simple Demo - Firmware\main.c
                 _startup   0x00280c    program     extern C:\MCC18\src\traditional\startup\c018i.c
               clear_loop   0x002856    program     static C:\MCC18\src\traditional\proc\p18F4550.asm
        configDescriptor1   0x002518    program     extern C:\Microchip Solutions\USB Device - HID - Simple Custom Demo\Generic HID - Simple Demo - Firmware\usb_descriptors.c
                copy_loop   0x0026e4    program     static                          
            copy_one_byte   0x0026ea    program     static                          
               device_dsc   0x002506    program     extern C:\Microchip Solutions\USB Device - HID - Simple Custom Demo\Generic HID - Simple Demo - Firmware\usb_descriptors.c
                     done   0x00270e    program     static                          
             done_copying   0x0026f8    program     static                          
                  endloop   0x002806    program     static                          
                hid_rpt01   0x0025a7    program     extern C:\Microchip Solutions\USB Device - HID - Simple Custom Demo\Generic HID - Simple Demo - Firmware\usb_descriptors.c
                     jEnd   0x0027b0    program     static C:\MCC18\src\traditional\stdclib\memset.asm
                    jLoop   0x002792    program     static C:\MCC18\src\traditional\stdclib\memset.asm
                     loop   0x0027ea    program     static                          
                     loop   0x00281c    program     static                          
                     main   0x001ce8    program     extern C:\Microchip Solutions\USB Device - HID - Simple Custom Demo\Generic HID - Simple Demo - Firmware\main.c
                   memset   0x00277e    program     extern C:\MCC18\src\traditional\stdclib\memset.asm
                  pinmode   0x001b7a    program     extern C:\Microchip Solutions\USB Device - HID - Simple Custom Demo\Generic HID - Simple Demo - Firmware\basicio.h
                    sd000   0x002541    program     extern C:\Microchip Solutions\USB Device - HID - Simple Custom Demo\Generic HID - Simple Demo - Firmware\usb_descriptors.c
                    sd001   0x002545    program     extern C:\Microchip Solutions\USB Device - HID - Simple Custom Demo\Generic HID - Simple Demo - Firmware\usb_descriptors.c
                    sd002   0x002579    program     extern C:\Microchip Solutions\USB Device - HID - Simple Custom Demo\Generic HID - Simple Demo - Firmware\usb_descriptors.c
                    setup   0x001cb4    program     extern C:\Microchip Solutions\USB Device - HID - Simple Custom Demo\Generic HID - Simple Demo - Firmware\main.c
                     test   0x00268c    program     static                          
                   ADCON0   0x000fc2       data     extern C:\MCC18\src\traditional\proc\p18F4550.asm
               ADCON0bits   0x000fc2       data     extern C:\MCC18\src\traditional\proc\p18F4550.asm
                   ADCON1   0x000fc1       data     extern C:\MCC18\src\traditional\proc\p18F4550.asm
               ADCON1bits   0x000fc1       data     extern C:\MCC18\src\traditional\proc\p18F4550.asm
                   ADCON2   0x000fc0       data     extern C:\MCC18\src\traditional\proc\p18F4550.asm
               ADCON2bits   0x000fc0       data     extern C:\MCC18\src\traditional\proc\p18F4550.asm
                    ADRES   0x000fc3       data     extern C:\MCC18\src\traditional\proc\p18F4550.asm
                   ADRESH   0x000fc4       data     extern C:\MCC18\src\traditional\proc\p18F4550.asm
                   ADRESL   0x000fc3       data     extern C:\MCC18\src\traditional\proc\p18F4550.asm
                  BAUDCON   0x000fb8       data     extern C:\MCC18\src\traditional\proc\p18F4550.asm
              BAUDCONbits   0x000fb8       data     extern C:\MCC18\src\traditional\proc\p18F4550.asm
                      BDT   0x000400       data     extern C:\Microchip Solutions\Microchip\USB\usb_device.c
                      BSR   0x000fe0       data     extern C:\MCC18\src\traditional\proc\p18F4550.asm
                   CCP1AS   0x000fb6       data     extern C:\MCC18\src\traditional\proc\p18F4550.asm
               CCP1ASbits   0x000fb6       data     extern C:\MCC18\src\traditional\proc\p18F4550.asm
                  CCP1CON   0x000fbd       data     extern C:\MCC18\src\traditional\proc\p18F4550.asm
              CCP1CONbits   0x000fbd       data     extern C:\MCC18\src\traditional\proc\p18F4550.asm
                  CCP1DEL   0x000fb7       data     extern C:\MCC18\src\traditional\proc\p18F4550.asm
              CCP1DELbits   0x000fb7       data     extern C:\MCC18\src\traditional\proc\p18F4550.asm
                  CCP2CON   0x000fba       data     extern C:\MCC18\src\traditional\proc\p18F4550.asm
              CCP2CONbits   0x000fba       data     extern C:\MCC18\src\traditional\proc\p18F4550.asm
                    CCPR1   0x000fbe       data     extern C:\MCC18\src\traditional\proc\p18F4550.asm
                   CCPR1H   0x000fbf       data     extern C:\MCC18\src\traditional\proc\p18F4550.asm
                   CCPR1L   0x000fbe       data     extern C:\MCC18\src\traditional\proc\p18F4550.asm
                    CCPR2   0x000fbb       data     extern C:\MCC18\src\traditional\proc\p18F4550.asm
                   CCPR2H   0x000fbc       data     extern C:\MCC18\src\traditional\proc\p18F4550.asm
                   CCPR2L   0x000fbb       data     extern C:\MCC18\src\traditional\proc\p18F4550.asm
                    CMCON   0x000fb4       data     extern C:\MCC18\src\traditional\proc\p18F4550.asm
                CMCONbits   0x000fb4       data     extern C:\MCC18\src\traditional\proc\p18F4550.asm
                   CVRCON   0x000fb5       data     extern C:\MCC18\src\traditional\proc\p18F4550.asm
               CVRCONbits   0x000fb5       data     extern C:\MCC18\src\traditional\proc\p18F4550.asm
              CtrlTrfData   0x000428       data     extern C:\Microchip Solutions\Microchip\USB\usb_device.c
                     DDRA   0x000f92       data     extern C:\MCC18\src\traditional\proc\p18F4550.asm
                 DDRAbits   0x000f92       data     extern C:\MCC18\src\traditional\proc\p18F4550.asm
                     DDRB   0x000f93       data     extern C:\MCC18\src\traditional\proc\p18F4550.asm
                 DDRBbits   0x000f93       data     extern C:\MCC18\src\traditional\proc\p18F4550.asm
                     DDRC   0x000f94       data     extern C:\MCC18\src\traditional\proc\p18F4550.asm
                 DDRCbits   0x000f94       data     extern C:\MCC18\src\traditional\proc\p18F4550.asm
                     DDRD   0x000f95       data     extern C:\MCC18\src\traditional\proc\p18F4550.asm
                 DDRDbits   0x000f95       data     extern C:\MCC18\src\traditional\proc\p18F4550.asm
                     DDRE   0x000f96       data     extern C:\MCC18\src\traditional\proc\p18F4550.asm
                 DDREbits   0x000f96       data     extern C:\MCC18\src\traditional\proc\p18F4550.asm
                  ECCP1AS   0x000fb6       data     extern C:\MCC18\src\traditional\proc\p18F4550.asm
              ECCP1ASbits   0x000fb6       data     extern C:\MCC18\src\traditional\proc\p18F4550.asm
                 ECCP1CON   0x000fbd       data     extern C:\MCC18\src\traditional\proc\p18F4550.asm
             ECCP1CONbits   0x000fbd       data     extern C:\MCC18\src\traditional\proc\p18F4550.asm
                 ECCP1DEL   0x000fb7       data     extern C:\MCC18\src\traditional\proc\p18F4550.asm
             ECCP1DELbits   0x000fb7       data     extern C:\MCC18\src\traditional\proc\p18F4550.asm
                    EEADR   0x000fa9       data     extern C:\MCC18\src\traditional\proc\p18F4550.asm
                   EECON1   0x000fa6       data     extern C:\MCC18\src\traditional\proc\p18F4550.asm
               EECON1bits   0x000fa6       data     extern C:\MCC18\src\traditional\proc\p18F4550.asm
                   EECON2   0x000fa7       data     extern C:\MCC18\src\traditional\proc\p18F4550.asm
                   EEDATA   0x000fa8       data     extern C:\MCC18\src\traditional\proc\p18F4550.asm
                     FSR0   0x000fe9       data     extern C:\MCC18\src\traditional\proc\p18F4550.asm
                    FSR0H   0x000fea       data     extern C:\MCC18\src\traditional\proc\p18F4550.asm
                    FSR0L   0x000fe9       data     extern C:\MCC18\src\traditional\proc\p18F4550.asm
                     FSR1   0x000fe1       data     extern C:\MCC18\src\traditional\proc\p18F4550.asm
                    FSR1H   0x000fe2       data     extern C:\MCC18\src\traditional\proc\p18F4550.asm
                    FSR1L   0x000fe1       data     extern C:\MCC18\src\traditional\proc\p18F4550.asm
                     FSR2   0x000fd9       data     extern C:\MCC18\src\traditional\proc\p18F4550.asm
                    FSR2H   0x000fda       data     extern C:\MCC18\src\traditional\proc\p18F4550.asm
                    FSR2L   0x000fd9       data     extern C:\MCC18\src\traditional\proc\p18F4550.asm
                  HLVDCON   0x000fd2       data     extern C:\MCC18\src\traditional\proc\p18F4550.asm
              HLVDCONbits   0x000fd2       data     extern C:\MCC18\src\traditional\proc\p18F4550.asm
                    INDF0   0x000fef       data     extern C:\MCC18\src\traditional\proc\p18F4550.asm
                    INDF1   0x000fe7       data     extern C:\MCC18\src\traditional\proc\p18F4550.asm
                    INDF2   0x000fdf       data     extern C:\MCC18\src\traditional\proc\p18F4550.asm
                   INTCON   0x000ff2       data     extern C:\MCC18\src\traditional\proc\p18F4550.asm
                  INTCON2   0x000ff1       data     extern C:\MCC18\src\traditional\proc\p18F4550.asm
              INTCON2bits   0x000ff1       data     extern C:\MCC18\src\traditional\proc\p18F4550.asm
                  INTCON3   0x000ff0       data     extern C:\MCC18\src\traditional\proc\p18F4550.asm
              INTCON3bits   0x000ff0       data     extern C:\MCC18\src\traditional\proc\p18F4550.asm
               INTCONbits   0x000ff2       data     extern C:\MCC18\src\traditional\proc\p18F4550.asm
                     IPR1   0x000f9f       data     extern C:\MCC18\src\traditional\proc\p18F4550.asm
                 IPR1bits   0x000f9f       data     extern C:\MCC18\src\traditional\proc\p18F4550.asm
                     IPR2   0x000fa2       data     extern C:\MCC18\src\traditional\proc\p18F4550.asm
                 IPR2bits   0x000fa2       data     extern C:\MCC18\src\traditional\proc\p18F4550.asm
                     LATA   0x000f89       data     extern C:\MCC18\src\traditional\proc\p18F4550.asm
                 LATAbits   0x000f89       data     extern C:\MCC18\src\traditional\proc\p18F4550.asm
                     LATB   0x000f8a       data     extern C:\MCC18\src\traditional\proc\p18F4550.asm
                 LATBbits   0x000f8a       data     extern C:\MCC18\src\traditional\proc\p18F4550.asm
                     LATC   0x000f8b       data     extern C:\MCC18\src\traditional\proc\p18F4550.asm
                 LATCbits   0x000f8b       data     extern C:\MCC18\src\traditional\proc\p18F4550.asm
                     LATD   0x000f8c       data     extern C:\MCC18\src\traditional\proc\p18F4550.asm
                 LATDbits   0x000f8c       data     extern C:\MCC18\src\traditional\proc\p18F4550.asm
                     LATE   0x000f8d       data     extern C:\MCC18\src\traditional\proc\p18F4550.asm
                 LATEbits   0x000f8d       data     extern C:\MCC18\src\traditional\proc\p18F4550.asm
                   LVDCON   0x000fd2       data     extern C:\MCC18\src\traditional\proc\p18F4550.asm
               LVDCONbits   0x000fd2       data     extern C:\MCC18\src\traditional\proc\p18F4550.asm
                   OSCCON   0x000fd3       data     extern C:\MCC18\src\traditional\proc\p18F4550.asm
               OSCCONbits   0x000fd3       data     extern C:\MCC18\src\traditional\proc\p18F4550.asm
                  OSCTUNE   0x000f9b       data     extern C:\MCC18\src\traditional\proc\p18F4550.asm
              OSCTUNEbits   0x000f9b       data     extern C:\MCC18\src\traditional\proc\p18F4550.asm
                       PC   0x000ff9       data     extern C:\MCC18\src\traditional\proc\p18F4550.asm
                      PCL   0x000ff9       data     extern C:\MCC18\src\traditional\proc\p18F4550.asm
                   PCLATH   0x000ffa       data     extern C:\MCC18\src\traditional\proc\p18F4550.asm
                   PCLATU   0x000ffb       data     extern C:\MCC18\src\traditional\proc\p18F4550.asm
                     PIE1   0x000f9d       data     extern C:\MCC18\src\traditional\proc\p18F4550.asm
                 PIE1bits   0x000f9d       data     extern C:\MCC18\src\traditional\proc\p18F4550.asm
                     PIE2   0x000fa0       data     extern C:\MCC18\src\traditional\proc\p18F4550.asm
                 PIE2bits   0x000fa0       data     extern C:\MCC18\src\traditional\proc\p18F4550.asm
                     PIR1   0x000f9e       data     extern C:\MCC18\src\traditional\proc\p18F4550.asm
                 PIR1bits   0x000f9e       data     extern C:\MCC18\src\traditional\proc\p18F4550.asm
                     PIR2   0x000fa1       data     extern C:\MCC18\src\traditional\proc\p18F4550.asm
                 PIR2bits   0x000fa1       data     extern C:\MCC18\src\traditional\proc\p18F4550.asm
                   PLUSW0   0x000feb       data     extern C:\MCC18\src\traditional\proc\p18F4550.asm
                   PLUSW1   0x000fe3       data     extern C:\MCC18\src\traditional\proc\p18F4550.asm
                   PLUSW2   0x000fdb       data     extern C:\MCC18\src\traditional\proc\p18F4550.asm
                    PORTA   0x000f80       data     extern C:\MCC18\src\traditional\proc\p18F4550.asm
                PORTAbits   0x000f80       data     extern C:\MCC18\src\traditional\proc\p18F4550.asm
                    PORTB   0x000f81       data     extern C:\MCC18\src\traditional\proc\p18F4550.asm
                PORTBbits   0x000f81       data     extern C:\MCC18\src\traditional\proc\p18F4550.asm
                    PORTC   0x000f82       data     extern C:\MCC18\src\traditional\proc\p18F4550.asm
                PORTCbits   0x000f82       data     extern C:\MCC18\src\traditional\proc\p18F4550.asm
                    PORTD   0x000f83       data     extern C:\MCC18\src\traditional\proc\p18F4550.asm
                PORTDbits   0x000f83       data     extern C:\MCC18\src\traditional\proc\p18F4550.asm
                    PORTE   0x000f84       data     extern C:\MCC18\src\traditional\proc\p18F4550.asm
                PORTEbits   0x000f84       data     extern C:\MCC18\src\traditional\proc\p18F4550.asm
                 POSTDEC0   0x000fed       data     extern C:\MCC18\src\traditional\proc\p18F4550.asm
                 POSTDEC1   0x000fe5       data     extern C:\MCC18\src\traditional\proc\p18F4550.asm
                 POSTDEC2   0x000fdd       data     extern C:\MCC18\src\traditional\proc\p18F4550.asm
                 POSTINC0   0x000fee       data     extern C:\MCC18\src\traditional\proc\p18F4550.asm
                 POSTINC1   0x000fe6       data     extern C:\MCC18\src\traditional\proc\p18F4550.asm
                 POSTINC2   0x000fde       data     extern C:\MCC18\src\traditional\proc\p18F4550.asm
                      PR2   0x000fcb       data     extern C:\MCC18\src\traditional\proc\p18F4550.asm
                  PREINC0   0x000fec       data     extern C:\MCC18\src\traditional\proc\p18F4550.asm
                  PREINC1   0x000fe4       data     extern C:\MCC18\src\traditional\proc\p18F4550.asm
                  PREINC2   0x000fdc       data     extern C:\MCC18\src\traditional\proc\p18F4550.asm
                     PROD   0x000ff3       data     extern C:\MCC18\src\traditional\proc\p18F4550.asm
                    PRODH   0x000ff4       data     extern C:\MCC18\src\traditional\proc\p18F4550.asm
                    PRODL   0x000ff3       data     extern C:\MCC18\src\traditional\proc\p18F4550.asm
                     RCON   0x000fd0       data     extern C:\MCC18\src\traditional\proc\p18F4550.asm
                 RCONbits   0x000fd0       data     extern C:\MCC18\src\traditional\proc\p18F4550.asm
                    RCREG   0x000fae       data     extern C:\MCC18\src\traditional\proc\p18F4550.asm
                    RCSTA   0x000fab       data     extern C:\MCC18\src\traditional\proc\p18F4550.asm
                RCSTAbits   0x000fab       data     extern C:\MCC18\src\traditional\proc\p18F4550.asm
       ReceivedDataBuffer   0x000436       data     extern C:\Microchip Solutions\USB Device - HID - Simple Custom Demo\Generic HID - Simple Demo - Firmware\main.c
             RemoteWakeup   0x00007f       data     extern C:\Microchip Solutions\Microchip\USB\usb_device.c
                     SIGN   0x000000       data     extern C:\MCC18\src\traditional\math\cmath18.asm
                    SPBRG   0x000faf       data     extern C:\MCC18\src\traditional\proc\p18F4550.asm
                   SPBRGH   0x000fb0       data     extern C:\MCC18\src\traditional\proc\p18F4550.asm
                   SPPCFG   0x000f63       data     extern C:\MCC18\src\traditional\proc\p18F4550.asm
               SPPCFGbits   0x000f63       data     extern C:\MCC18\src\traditional\proc\p18F4550.asm
                   SPPCON   0x000f65       data     extern C:\MCC18\src\traditional\proc\p18F4550.asm
               SPPCONbits   0x000f65       data     extern C:\MCC18\src\traditional\proc\p18F4550.asm
                  SPPDATA   0x000f62       data     extern C:\MCC18\src\traditional\proc\p18F4550.asm
                   SPPEPS   0x000f64       data     extern C:\MCC18\src\traditional\proc\p18F4550.asm
               SPPEPSbits   0x000f64       data     extern C:\MCC18\src\traditional\proc\p18F4550.asm
                   SSPADD   0x000fc8       data     extern C:\MCC18\src\traditional\proc\p18F4550.asm
                   SSPBUF   0x000fc9       data     extern C:\MCC18\src\traditional\proc\p18F4550.asm
                  SSPCON1   0x000fc6       data     extern C:\MCC18\src\traditional\proc\p18F4550.asm
              SSPCON1bits   0x000fc6       data     extern C:\MCC18\src\traditional\proc\p18F4550.asm
                  SSPCON2   0x000fc5       data     extern C:\MCC18\src\traditional\proc\p18F4550.asm
              SSPCON2bits   0x000fc5       data     extern C:\MCC18\src\traditional\proc\p18F4550.asm
                  SSPSTAT   0x000fc7       data     extern C:\MCC18\src\traditional\proc\p18F4550.asm
              SSPSTATbits   0x000fc7       data     extern C:\MCC18\src\traditional\proc\p18F4550.asm
                   STATUS   0x000fd8       data     extern C:\MCC18\src\traditional\proc\p18F4550.asm
               STATUSbits   0x000fd8       data     extern C:\MCC18\src\traditional\proc\p18F4550.asm
                   STKPTR   0x000ffc       data     extern C:\MCC18\src\traditional\proc\p18F4550.asm
               STKPTRbits   0x000ffc       data     extern C:\MCC18\src\traditional\proc\p18F4550.asm
                 SetupPkt   0x000420       data     extern C:\Microchip Solutions\Microchip\USB\usb_device.c
                    T0CON   0x000fd5       data     extern C:\MCC18\src\traditional\proc\p18F4550.asm
                T0CONbits   0x000fd5       data     extern C:\MCC18\src\traditional\proc\p18F4550.asm
                    T1CON   0x000fcd       data     extern C:\MCC18\src\traditional\proc\p18F4550.asm
                T1CONbits   0x000fcd       data     extern C:\MCC18\src\traditional\proc\p18F4550.asm
                    T2CON   0x000fca       data     extern C:\MCC18\src\traditional\proc\p18F4550.asm
                T2CONbits   0x000fca       data     extern C:\MCC18\src\traditional\proc\p18F4550.asm
                    T3CON   0x000fb1       data     extern C:\MCC18\src\traditional\proc\p18F4550.asm
                T3CONbits   0x000fb1       data     extern C:\MCC18\src\traditional\proc\p18F4550.asm
                   TABLAT   0x000ff5       data     extern C:\MCC18\src\traditional\proc\p18F4550.asm
                   TBLPTR   0x000ff6       data     extern C:\MCC18\src\traditional\proc\p18F4550.asm
                  TBLPTRH   0x000ff7       data     extern C:\MCC18\src\traditional\proc\p18F4550.asm
                  TBLPTRL   0x000ff6       data     extern C:\MCC18\src\traditional\proc\p18F4550.asm
                  TBLPTRU   0x000ff8       data     extern C:\MCC18\src\traditional\proc\p18F4550.asm
                    TMR0H   0x000fd7       data     extern C:\MCC18\src\traditional\proc\p18F4550.asm
                    TMR0L   0x000fd6       data     extern C:\MCC18\src\traditional\proc\p18F4550.asm
                    TMR1H   0x000fcf       data     extern C:\MCC18\src\traditional\proc\p18F4550.asm
                    TMR1L   0x000fce       data     extern C:\MCC18\src\traditional\proc\p18F4550.asm
                     TMR2   0x000fcc       data     extern C:\MCC18\src\traditional\proc\p18F4550.asm
                    TMR3H   0x000fb3       data     extern C:\MCC18\src\traditional\proc\p18F4550.asm
                    TMR3L   0x000fb2       data     extern C:\MCC18\src\traditional\proc\p18F4550.asm
                      TOS   0x000ffd       data     extern C:\MCC18\src\traditional\proc\p18F4550.asm
                     TOSH   0x000ffe       data     extern C:\MCC18\src\traditional\proc\p18F4550.asm
                     TOSL   0x000ffd       data     extern C:\MCC18\src\traditional\proc\p18F4550.asm
                     TOSU   0x000fff       data     extern C:\MCC18\src\traditional\proc\p18F4550.asm
                    TRISA   0x000f92       data     extern C:\MCC18\src\traditional\proc\p18F4550.asm
                TRISAbits   0x000f92       data     extern C:\MCC18\src\traditional\proc\p18F4550.asm
                    TRISB   0x000f93       data     extern C:\MCC18\src\traditional\proc\p18F4550.asm
                TRISBbits   0x000f93       data     extern C:\MCC18\src\traditional\proc\p18F4550.asm
                    TRISC   0x000f94       data     extern C:\MCC18\src\traditional\proc\p18F4550.asm
                TRISCbits   0x000f94       data     extern C:\MCC18\src\traditional\proc\p18F4550.asm
                    TRISD   0x000f95       data     extern C:\MCC18\src\traditional\proc\p18F4550.asm
                TRISDbits   0x000f95       data     extern C:\MCC18\src\traditional\proc\p18F4550.asm
                    TRISE   0x000f96       data     extern C:\MCC18\src\traditional\proc\p18F4550.asm
                TRISEbits   0x000f96       data     extern C:\MCC18\src\traditional\proc\p18F4550.asm
                    TXREG   0x000fad       data     extern C:\MCC18\src\traditional\proc\p18F4550.asm
                    TXSTA   0x000fac       data     extern C:\MCC18\src\traditional\proc\p18F4550.asm
                TXSTAbits   0x000fac       data     extern C:\MCC18\src\traditional\proc\p18F4550.asm
         ToSendDataBuffer   0x000476       data     extern C:\Microchip Solutions\USB Device - HID - Simple Custom Demo\Generic HID - Simple Demo - Firmware\main.c
                    UADDR   0x000f6e       data     extern C:\MCC18\src\traditional\proc\p18F4550.asm
                UADDRbits   0x000f6e       data     extern C:\MCC18\src\traditional\proc\p18F4550.asm
                     UCFG   0x000f6f       data     extern C:\MCC18\src\traditional\proc\p18F4550.asm
                 UCFGbits   0x000f6f       data     extern C:\MCC18\src\traditional\proc\p18F4550.asm
                     UCON   0x000f6d       data     extern C:\MCC18\src\traditional\proc\p18F4550.asm
                 UCONbits   0x000f6d       data     extern C:\MCC18\src\traditional\proc\p18F4550.asm
                     UEIE   0x000f6b       data     extern C:\MCC18\src\traditional\proc\p18F4550.asm
                 UEIEbits   0x000f6b       data     extern C:\MCC18\src\traditional\proc\p18F4550.asm
                     UEIR   0x000f6a       data     extern C:\MCC18\src\traditional\proc\p18F4550.asm
                 UEIRbits   0x000f6a       data     extern C:\MCC18\src\traditional\proc\p18F4550.asm
                     UEP0   0x000f70       data     extern C:\MCC18\src\traditional\proc\p18F4550.asm
                 UEP0bits   0x000f70       data     extern C:\MCC18\src\traditional\proc\p18F4550.asm
                     UEP1   0x000f71       data     extern C:\MCC18\src\traditional\proc\p18F4550.asm
                    UEP10   0x000f7a       data     extern C:\MCC18\src\traditional\proc\p18F4550.asm
                UEP10bits   0x000f7a       data     extern C:\MCC18\src\traditional\proc\p18F4550.asm
                    UEP11   0x000f7b       data     extern C:\MCC18\src\traditional\proc\p18F4550.asm
                UEP11bits   0x000f7b       data     extern C:\MCC18\src\traditional\proc\p18F4550.asm
                    UEP12   0x000f7c       data     extern C:\MCC18\src\traditional\proc\p18F4550.asm
                UEP12bits   0x000f7c       data     extern C:\MCC18\src\traditional\proc\p18F4550.asm
                    UEP13   0x000f7d       data     extern C:\MCC18\src\traditional\proc\p18F4550.asm
                UEP13bits   0x000f7d       data     extern C:\MCC18\src\traditional\proc\p18F4550.asm
                    UEP14   0x000f7e       data     extern C:\MCC18\src\traditional\proc\p18F4550.asm
                UEP14bits   0x000f7e       data     extern C:\MCC18\src\traditional\proc\p18F4550.asm
                    UEP15   0x000f7f       data     extern C:\MCC18\src\traditional\proc\p18F4550.asm
                UEP15bits   0x000f7f       data     extern C:\MCC18\src\traditional\proc\p18F4550.asm
                 UEP1bits   0x000f71       data     extern C:\MCC18\src\traditional\proc\p18F4550.asm
                     UEP2   0x000f72       data     extern C:\MCC18\src\traditional\proc\p18F4550.asm
                 UEP2bits   0x000f72       data     extern C:\MCC18\src\traditional\proc\p18F4550.asm
                     UEP3   0x000f73       data     extern C:\MCC18\src\traditional\proc\p18F4550.asm
                 UEP3bits   0x000f73       data     extern C:\MCC18\src\traditional\proc\p18F4550.asm
                     UEP4   0x000f74       data     extern C:\MCC18\src\traditional\proc\p18F4550.asm
                 UEP4bits   0x000f74       data     extern C:\MCC18\src\traditional\proc\p18F4550.asm
                     UEP5   0x000f75       data     extern C:\MCC18\src\traditional\proc\p18F4550.asm
                 UEP5bits   0x000f75       data     extern C:\MCC18\src\traditional\proc\p18F4550.asm
                     UEP6   0x000f76       data     extern C:\MCC18\src\traditional\proc\p18F4550.asm
                 UEP6bits   0x000f76       data     extern C:\MCC18\src\traditional\proc\p18F4550.asm
                     UEP7   0x000f77       data     extern C:\MCC18\src\traditional\proc\p18F4550.asm
                 UEP7bits   0x000f77       data     extern C:\MCC18\src\traditional\proc\p18F4550.asm
                     UEP8   0x000f78       data     extern C:\MCC18\src\traditional\proc\p18F4550.asm
                 UEP8bits   0x000f78       data     extern C:\MCC18\src\traditional\proc\p18F4550.asm
                     UEP9   0x000f79       data     extern C:\MCC18\src\traditional\proc\p18F4550.asm
                 UEP9bits   0x000f79       data     extern C:\MCC18\src\traditional\proc\p18F4550.asm
                     UFRM   0x000f66       data     extern C:\MCC18\src\traditional\proc\p18F4550.asm
                    UFRMH   0x000f67       data     extern C:\MCC18\src\traditional\proc\p18F4550.asm
                UFRMHbits   0x000f67       data     extern C:\MCC18\src\traditional\proc\p18F4550.asm
                    UFRML   0x000f66       data     extern C:\MCC18\src\traditional\proc\p18F4550.asm
                UFRMLbits   0x000f66       data     extern C:\MCC18\src\traditional\proc\p18F4550.asm
                      UIE   0x000f69       data     extern C:\MCC18\src\traditional\proc\p18F4550.asm
                  UIEbits   0x000f69       data     extern C:\MCC18\src\traditional\proc\p18F4550.asm
                      UIR   0x000f68       data     extern C:\MCC18\src\traditional\proc\p18F4550.asm
                  UIRbits   0x000f68       data     extern C:\MCC18\src\traditional\proc\p18F4550.asm
   USBActiveConfiguration   0x000061       data     extern C:\Microchip Solutions\Microchip\USB\usb_device.c
    USBAlternateInterface   0x000062       data     extern C:\Microchip Solutions\Microchip\USB\usb_device.c
           USBDeviceState   0x000060       data     extern C:\Microchip Solutions\Microchip\USB\usb_device.c
                USBInData   0x000083       data     extern C:\Microchip Solutions\Microchip\USB\usb_device.c
              USBInHandle   0x0000a2       data     extern C:\Microchip Solutions\USB Device - HID - Simple Custom Demo\Generic HID - Simple Demo - Firmware\main.c
       USBInMaxPacketSize   0x000081       data     extern C:\Microchip Solutions\Microchip\USB\usb_device.c
             USBOutHandle   0x0000a0       data     extern C:\Microchip Solutions\USB Device - HID - Simple Custom Demo\Generic HID - Simple Demo - Firmware\main.c
                    USTAT   0x000f6c       data     extern C:\MCC18\src\traditional\proc\p18F4550.asm
                USTATbits   0x000f6c       data     extern C:\MCC18\src\traditional\proc\p18F4550.asm
                USTATcopy   0x000080       data     extern C:\Microchip Solutions\Microchip\USB\usb_device.c
                   WDTCON   0x000fd1       data     extern C:\MCC18\src\traditional\proc\p18F4550.asm
               WDTCONbits   0x000fd1       data     extern C:\MCC18\src\traditional\proc\p18F4550.asm
                     WREG   0x000fe8       data     extern C:\MCC18\src\traditional\proc\p18F4550.asm
                 __AARGB0   0x000009       data     extern C:\MCC18\src\traditional\math\aarg.asm
                 __AARGB1   0x000008       data     extern C:\MCC18\src\traditional\math\aarg.asm
                 __AARGB2   0x000007       data     extern C:\MCC18\src\traditional\math\aarg.asm
                 __AARGB3   0x000006       data     extern C:\MCC18\src\traditional\math\aarg.asm
                 __AARGB4   0x000005       data     extern C:\MCC18\src\traditional\math\aarg.asm
                 __AARGB5   0x000004       data     extern C:\MCC18\src\traditional\math\aarg.asm
                 __AARGB6   0x000003       data     extern C:\MCC18\src\traditional\math\aarg.asm
                 __AARGB7   0x000002       data     extern C:\MCC18\src\traditional\math\aarg.asm
                   __AEXP   0x00000a       data     extern C:\MCC18\src\traditional\math\aarg.asm
                 __BARGB0   0x00000e       data     extern C:\MCC18\src\traditional\math\barg.asm
                 __BARGB1   0x00000d       data     extern C:\MCC18\src\traditional\math\barg.asm
                 __BARGB2   0x00000c       data     extern C:\MCC18\src\traditional\math\barg.asm
                 __BARGB3   0x00000b       data     extern C:\MCC18\src\traditional\math\barg.asm
                   __BEXP   0x00000f       data     extern C:\MCC18\src\traditional\math\barg.asm
                __FPFLAGS   0x000001       data     extern C:\MCC18\src\traditional\math\cmath18.asm
            __FPFLAGSbits   0x000001       data     extern C:\MCC18\src\traditional\math\cmath18.asm
                  __REMB0   0x000005       data     extern C:\MCC18\src\traditional\math\aarg.asm
                  __REMB1   0x000004       data     extern C:\MCC18\src\traditional\math\aarg.asm
                  __REMB2   0x000003       data     extern C:\MCC18\src\traditional\math\aarg.asm
                  __REMB3   0x000002       data     extern C:\MCC18\src\traditional\math\aarg.asm
                   __TEMP   0x000013       data     extern C:\MCC18\src\traditional\math\temparg.asm
                 __TEMPB0   0x000013       data     extern C:\MCC18\src\traditional\math\temparg.asm
                 __TEMPB1   0x000012       data     extern C:\MCC18\src\traditional\math\temparg.asm
                 __TEMPB2   0x000011       data     extern C:\MCC18\src\traditional\math\temparg.asm
                 __TEMPB3   0x000010       data     extern C:\MCC18\src\traditional\math\temparg.asm
                  __tmp_0   0x000014       data     static C:\Microchip Solutions\USB Device - HID - Simple Custom Demo\Generic HID - Simple Demo - Firmware\main.c
                  __tmp_0   0x000014       data     static C:\MCC18\src\pmc_common\ADC\adcopen.c
                  __tmp_0   0x000014       data     static C:\MCC18\src\pmc_common\ADC\adcread.c
                  __tmp_0   0x000014       data     static C:\MCC18\src\pmc_common\ADC\adcsetch.c
                  __tmp_0   0x000014       data     static C:\Microchip Solutions\Microchip\USB\usb_device.c
          active_protocol   0x0000bc       data     extern C:\Microchip Solutions\Microchip\USB\HID Device Driver\usb_function_hid.c
         blinkStatusValid   0x0000a4       data     extern C:\Microchip Solutions\USB Device - HID - Simple Custom Demo\Generic HID - Simple Demo - Firmware\main.c
     controlTransferState   0x000070       data     extern C:\Microchip Solutions\Microchip\USB\usb_device.c
                curr_byte   0x0000b4       data     static C:\MCC18\src\traditional\startup\c018i.c
               curr_entry   0x0000b6       data     static C:\MCC18\src\traditional\startup\c018i.c
                 data_ptr   0x0000b8       data     static C:\MCC18\src\traditional\startup\c018i.c
              delay_count   0x00009d       data     static C:\Microchip Solutions\USB Device - HID - Simple Custom Demo\Generic HID - Simple Demo - Firmware\main.c
                     down   0x0000a7       data     extern C:\Microchip Solutions\USB Device - HID - Simple Custom Demo\Generic HID - Simple Demo - Firmware\main.c
             emulate_mode   0x000087       data     extern C:\Microchip Solutions\USB Device - HID - Simple Custom Demo\Generic HID - Simple Demo - Firmware\main.c
                      enb   0x0000ae       data     extern C:\Microchip Solutions\USB Device - HID - Simple Custom Demo\Generic HID - Simple Demo - Firmware\main.c
                     gpwm   0x0000a9       data     extern C:\Microchip Solutions\USB Device - HID - Simple Custom Demo\Generic HID - Simple Demo - Firmware\main.c
                     grip   0x0000a5       data     extern C:\Microchip Solutions\USB Device - HID - Simple Custom Demo\Generic HID - Simple Demo - Firmware\main.c
            hid_report_in   0x000433       data     extern C:\Microchip Solutions\Microchip\USB\usb_device.c
           hid_report_out   0x000430       data     extern C:\Microchip Solutions\Microchip\USB\usb_device.c
           hid_rpt_rx_len   0x0000bd       data     extern C:\Microchip Solutions\Microchip\USB\HID Device Driver\usb_function_hid.c
                idle_rate   0x0000bb       data     extern C:\Microchip Solutions\Microchip\USB\HID Device Driver\usb_function_hid.c
                  inPipes   0x000071       data     extern C:\Microchip Solutions\Microchip\USB\usb_device.c
                led_count   0x0000af       data     static C:\Microchip Solutions\USB Device - HID - Simple Custom Demo\Generic HID - Simple Demo - Firmware\main.c
                leftmotor   0x0000aa       data     extern C:\Microchip Solutions\USB Device - HID - Simple Custom Demo\Generic HID - Simple Demo - Firmware\main.c
          movement_length   0x000088       data     extern C:\Microchip Solutions\USB Device - HID - Simple Custom Demo\Generic HID - Simple Demo - Firmware\main.c
                  old_sw2   0x000085       data     extern C:\Microchip Solutions\USB Device - HID - Simple Custom Demo\Generic HID - Simple Demo - Firmware\main.c
                  old_sw3   0x000086       data     extern C:\Microchip Solutions\USB Device - HID - Simple Custom Demo\Generic HID - Simple Demo - Firmware\main.c
                 outPipes   0x000076       data     extern C:\Microchip Solutions\Microchip\USB\usb_device.c
   pBDTEntryEP0OutCurrent   0x000063       data     extern C:\Microchip Solutions\Microchip\USB\usb_device.c
      pBDTEntryEP0OutNext   0x000065       data     extern C:\Microchip Solutions\Microchip\USB\usb_device.c
              pBDTEntryIn   0x00006b       data     extern C:\Microchip Solutions\Microchip\USB\usb_device.c
             pBDTEntryOut   0x000067       data     extern C:\Microchip Solutions\Microchip\USB\usb_device.c
                     pDst   0x00007d       data     extern C:\Microchip Solutions\Microchip\USB\usb_device.c
                    porta   0x000093       data     extern C:\Microchip Solutions\USB Device - HID - Simple Custom Demo\Generic HID - Simple Demo - Firmware\main.c
                    portb   0x000095       data     extern C:\Microchip Solutions\USB Device - HID - Simple Custom Demo\Generic HID - Simple Demo - Firmware\main.c
                    portc   0x000097       data     extern C:\Microchip Solutions\USB Device - HID - Simple Custom Demo\Generic HID - Simple Demo - Firmware\main.c
                    portd   0x000099       data     extern C:\Microchip Solutions\USB Device - HID - Simple Custom Demo\Generic HID - Simple Demo - Firmware\main.c
                    porte   0x00009b       data     extern C:\Microchip Solutions\USB Device - HID - Simple Custom Demo\Generic HID - Simple Demo - Firmware\main.c
                     prom   0x0000b1       data     static C:\MCC18\src\traditional\startup\c018i.c
                     prta   0x000089       data     extern C:\Microchip Solutions\USB Device - HID - Simple Custom Demo\Generic HID - Simple Demo - Firmware\main.c
                     prtb   0x00008b       data     extern C:\Microchip Solutions\USB Device - HID - Simple Custom Demo\Generic HID - Simple Demo - Firmware\main.c
                     prtc   0x00008d       data     extern C:\Microchip Solutions\USB Device - HID - Simple Custom Demo\Generic HID - Simple Demo - Firmware\main.c
                     prtd   0x00008f       data     extern C:\Microchip Solutions\USB Device - HID - Simple Custom Demo\Generic HID - Simple Demo - Firmware\main.c
                     prte   0x000091       data     extern C:\Microchip Solutions\USB Device - HID - Simple Custom Demo\Generic HID - Simple Demo - Firmware\main.c
               rightmotor   0x0000ac       data     extern C:\Microchip Solutions\USB Device - HID - Simple Custom Demo\Generic HID - Simple Demo - Firmware\main.c
        shortPacketStatus   0x00006f       data     extern C:\Microchip Solutions\Microchip\USB\usb_device.c
                       up   0x0000a8       data     extern C:\Microchip Solutions\USB Device - HID - Simple Custom Demo\Generic HID - Simple Demo - Firmware\main.c
                   vector   0x00009f       data     extern C:\Microchip Solutions\USB Device - HID - Simple Custom Demo\Generic HID - Simple Demo - Firmware\main.c



                              Symbols - Sorted by Address
                     Name    Address   Location    Storage File                     
                ---------  ---------  ---------  --------- ---------                
                   _entry   0x000000    program     extern C:\MCC18\src\traditional\startup\c018i.c
       ___return_lbl00000   0x000004    program     static                          
                 High_ISR   0x000008    program     extern C:\Microchip Solutions\USB Device - HID - Simple Custom Demo\Generic HID - Simple Demo - Firmware\main.c
       ___return_lbl00034   0x00000c    program     static                          
                  Low_ISR   0x000018    program     extern C:\Microchip Solutions\USB Device - HID - Simple Custom Demo\Generic HID - Simple Demo - Firmware\main.c
       ___return_lbl00035   0x00001c    program     static                          
                   _reset   0x001000    program     extern C:\Microchip Solutions\USB Device - HID - Simple Custom Demo\Generic HID - Simple Demo - Firmware\main.c
       ___return_lbl00031   0x001004    program     static                          
        Remapped_High_ISR   0x001008    program     extern C:\Microchip Solutions\USB Device - HID - Simple Custom Demo\Generic HID - Simple Demo - Firmware\main.c
       ___return_lbl00032   0x00100c    program     static                          
         Remapped_Low_ISR   0x001018    program     extern C:\Microchip Solutions\USB Device - HID - Simple Custom Demo\Generic HID - Simple Demo - Firmware\main.c
       ___return_lbl00033   0x00101c    program     static                          
            USBDeviceInit   0x001038    program     extern C:\Microchip Solutions\Microchip\USB\usb_device.c
           USBDeviceTasks   0x0010a6    program     extern C:\Microchip Solutions\Microchip\USB\usb_device.c
          USBStallHandler   0x001180    program     extern C:\Microchip Solutions\Microchip\USB\usb_device.c
               USBSuspend   0x0011a2    program     extern C:\Microchip Solutions\Microchip\USB\usb_device.c
       USBWakeFromSuspend   0x0011ae    program     extern C:\Microchip Solutions\Microchip\USB\usb_device.c
         USBCtrlEPService   0x0011c2    program     extern C:\Microchip Solutions\Microchip\USB\usb_device.c
   USBCtrlTrfSetupHandler   0x001208    program     extern C:\Microchip Solutions\Microchip\USB\usb_device.c
     USBCtrlTrfOutHandler   0x00122a    program     extern C:\Microchip Solutions\Microchip\USB\usb_device.c
      USBCtrlTrfInHandler   0x00123a    program     extern C:\Microchip Solutions\Microchip\USB\usb_device.c
USBPrepareForNextSetupTrf   0x001292    program     extern C:\Microchip Solutions\Microchip\USB\usb_device.c
       USBCheckStdRequest   0x001342    program     extern C:\Microchip Solutions\Microchip\USB\usb_device.c
  USBStdFeatureReqHandler   0x0013e6    program     extern C:\Microchip Solutions\Microchip\USB\usb_device.c
      USBStdGetDscHandler   0x0014b2    program     extern C:\Microchip Solutions\Microchip\USB\usb_device.c
   USBStdGetStatusHandler   0x001528    program     extern C:\Microchip Solutions\Microchip\USB\usb_device.c
 USBCtrlEPServiceComplete   0x00159a    program     extern C:\Microchip Solutions\Microchip\USB\usb_device.c
      USBCtrlTrfTxService   0x00160a    program     extern C:\Microchip Solutions\Microchip\USB\usb_device.c
      USBCtrlTrfRxService   0x0016ae    program     extern C:\Microchip Solutions\Microchip\USB\usb_device.c
      USBStdSetCfgHandler   0x001760    program     extern C:\Microchip Solutions\Microchip\USB\usb_device.c
     USBConfigureEndpoint   0x001792    program     extern C:\Microchip Solutions\Microchip\USB\usb_device.c
        USBEnableEndpoint   0x0017fc    program     extern C:\Microchip Solutions\Microchip\USB\usb_device.c
         USBStallEndpoint   0x00183e    program     extern C:\Microchip Solutions\Microchip\USB\usb_device.c
     USBTransferOnePacket   0x001864    program     extern C:\Microchip Solutions\Microchip\USB\usb_device.c
    USBClearInterruptFlag   0x0018d2    program     extern C:\Microchip Solutions\Microchip\USB\usb_device.c
                   __pa_0   0x0018fc    program     static C:\Microchip Solutions\Microchip\USB\usb_device.c
                   __pa_1   0x00190a    program     static C:\Microchip Solutions\Microchip\USB\usb_device.c
                   __pa_2   0x00191e    program     static C:\Microchip Solutions\Microchip\USB\usb_device.c
                   __pa_3   0x001928    program     static C:\Microchip Solutions\Microchip\USB\usb_device.c
                   __pa_4   0x001932    program     static C:\Microchip Solutions\Microchip\USB\usb_device.c
                   __pa_5   0x00193a    program     static C:\Microchip Solutions\Microchip\USB\usb_device.c
                   __pa_6   0x00193e    program     static C:\Microchip Solutions\Microchip\USB\usb_device.c
                   __pa_7   0x00194c    program     static C:\Microchip Solutions\Microchip\USB\usb_device.c
                   __pa_8   0x001958    program     static C:\Microchip Solutions\Microchip\USB\usb_device.c
                   __pa_9   0x001962    program     static C:\Microchip Solutions\Microchip\USB\usb_device.c
                  __pa_10   0x001976    program     static C:\Microchip Solutions\Microchip\USB\usb_device.c
                  __pa_11   0x001988    program     static C:\Microchip Solutions\Microchip\USB\usb_device.c
                  __pa_12   0x0019a4    program     static C:\Microchip Solutions\Microchip\USB\usb_device.c
                  __pa_13   0x0019b6    program     static C:\Microchip Solutions\Microchip\USB\usb_device.c
                  __pa_14   0x0019c0    program     static C:\Microchip Solutions\Microchip\USB\usb_device.c
                  __pa_15   0x0019c6    program     static C:\Microchip Solutions\Microchip\USB\usb_device.c
              __tmplbl_31   0x0019c6    program     static                          
              __tmplbl_25   0x0019c6    program     static                          
                  __pa_16   0x0019ca    program     static C:\Microchip Solutions\Microchip\USB\usb_device.c
                  __pa_17   0x0019d6    program     static C:\Microchip Solutions\Microchip\USB\usb_device.c
                  __pa_18   0x0019e6    program     static C:\Microchip Solutions\Microchip\USB\usb_device.c
                  __pa_19   0x0019f6    program     static C:\Microchip Solutions\Microchip\USB\usb_device.c
                  __pa_20   0x001a06    program     static C:\Microchip Solutions\Microchip\USB\usb_device.c
                  __pa_21   0x001a16    program     static C:\Microchip Solutions\Microchip\USB\usb_device.c
                  __pa_22   0x001a24    program     static C:\Microchip Solutions\Microchip\USB\usb_device.c
                  __pa_23   0x001a32    program     static C:\Microchip Solutions\Microchip\USB\usb_device.c
                  __pa_24   0x001a3a    program     static C:\Microchip Solutions\Microchip\USB\usb_device.c
                  __pa_25   0x001a44    program     static C:\Microchip Solutions\Microchip\USB\usb_device.c
                  __pa_26   0x001a4e    program     static C:\Microchip Solutions\Microchip\USB\usb_device.c
                  __pa_27   0x001a6a    program     static C:\Microchip Solutions\Microchip\USB\usb_device.c
                  __pa_28   0x001a76    program     static C:\Microchip Solutions\Microchip\USB\usb_device.c
                  __pa_29   0x001a82    program     static C:\Microchip Solutions\Microchip\USB\usb_device.c
                  __pa_30   0x001a8c    program     static C:\Microchip Solutions\Microchip\USB\usb_device.c
                  __pa_31   0x001a94    program     static C:\Microchip Solutions\Microchip\USB\usb_device.c
                  __pa_32   0x001a9e    program     static C:\Microchip Solutions\Microchip\USB\usb_device.c
                  __pa_33   0x001aa8    program     static C:\Microchip Solutions\Microchip\USB\usb_device.c
                  __pa_34   0x001ab6    program     static C:\Microchip Solutions\Microchip\USB\usb_device.c
                  __pa_35   0x001ac6    program     static C:\Microchip Solutions\Microchip\USB\usb_device.c
                  __pa_36   0x001acc    program     static C:\Microchip Solutions\Microchip\USB\usb_device.c
                  __pa_37   0x001ad6    program     static C:\Microchip Solutions\Microchip\USB\usb_device.c
                  __pa_38   0x001ade    program     static C:\Microchip Solutions\Microchip\USB\usb_device.c
                  __pa_39   0x001af4    program     static C:\Microchip Solutions\Microchip\USB\usb_device.c
                 Adc_Init   0x001afe    program     extern C:\Microchip Solutions\USB Device - HID - Simple Custom Demo\Generic HID - Simple Demo - Firmware\adclib.h
               AnalogRead   0x001b3a    program     extern C:\Microchip Solutions\USB Device - HID - Simple Custom Demo\Generic HID - Simple Demo - Firmware\adclib.h
                  pinmode   0x001b7a    program     extern C:\Microchip Solutions\USB Device - HID - Simple Custom Demo\Generic HID - Simple Demo - Firmware\basicio.h
             DigitalWrite   0x001b82    program     extern C:\Microchip Solutions\USB Device - HID - Simple Custom Demo\Generic HID - Simple Demo - Firmware\basicio.h
                   Setpin   0x001ba6    program     extern C:\Microchip Solutions\USB Device - HID - Simple Custom Demo\Generic HID - Simple Demo - Firmware\basicio.h
                Writeport   0x001be2    program     extern C:\Microchip Solutions\USB Device - HID - Simple Custom Demo\Generic HID - Simple Demo - Firmware\basicio.h
              DigitalRead   0x001c20    program     extern C:\Microchip Solutions\USB Device - HID - Simple Custom Demo\Generic HID - Simple Demo - Firmware\basicio.h
                  Readpin   0x001c3a    program     extern C:\Microchip Solutions\USB Device - HID - Simple Custom Demo\Generic HID - Simple Demo - Firmware\basicio.h
                 Readport   0x001c5c    program     extern C:\Microchip Solutions\USB Device - HID - Simple Custom Demo\Generic HID - Simple Demo - Firmware\basicio.h
  YourHighPriorityISRCode   0x001c98    program     extern C:\Microchip Solutions\USB Device - HID - Simple Custom Demo\Generic HID - Simple Demo - Firmware\main.c
   YourLowPriorityISRCode   0x001c9c    program     extern C:\Microchip Solutions\USB Device - HID - Simple Custom Demo\Generic HID - Simple Demo - Firmware\main.c
                    setup   0x001cb4    program     extern C:\Microchip Solutions\USB Device - HID - Simple Custom Demo\Generic HID - Simple Demo - Firmware\main.c
                     main   0x001ce8    program     extern C:\Microchip Solutions\USB Device - HID - Simple Custom Demo\Generic HID - Simple Demo - Firmware\main.c
         InitializeSystem   0x002002    program     static C:\Microchip Solutions\USB Device - HID - Simple Custom Demo\Generic HID - Simple Demo - Firmware\main.c
[...]
                    UEP12   0x000f7c       data     extern C:\MCC18\src\traditional\proc\p18F4550.asm
                UEP12bits   0x000f7c       data     extern C:\MCC18\src\traditional\proc\p18F4550.asm
                    UEP13   0x000f7d       data     extern C:\MCC18\src\traditional\proc\p18F4550.asm
                UEP13bits   0x000f7d       data     extern C:\MCC18\src\traditional\proc\p18F4550.asm
                    UEP14   0x000f7e       data     extern C:\MCC18\src\traditional\proc\p18F4550.asm
                UEP14bits   0x000f7e       data     extern C:\MCC18\src\traditional\proc\p18F4550.asm
                    UEP15   0x000f7f       data     extern C:\MCC18\src\traditional\proc\p18F4550.asm
                UEP15bits   0x000f7f       data     extern C:\MCC18\src\traditional\proc\p18F4550.asm
                    PORTA   0x000f80       data     extern C:\MCC18\src\traditional\proc\p18F4550.asm
                PORTAbits   0x000f80       data     extern C:\MCC18\src\traditional\proc\p18F4550.asm
                PORTBbits   0x000f81       data     extern C:\MCC18\src\traditional\proc\p18F4550.asm
                    PORTB   0x000f81       data     extern C:\MCC18\src\traditional\proc\p18F4550.asm
                    PORTC   0x000f82       data     extern C:\MCC18\src\traditional\proc\p18F4550.asm
                PORTCbits   0x000f82       data     extern C:\MCC18\src\traditional\proc\p18F4550.asm
                PORTDbits   0x000f83       data     extern C:\MCC18\src\traditional\proc\p18F4550.asm
                    PORTD   0x000f83       data     extern C:\MCC18\src\traditional\proc\p18F4550.asm
                PORTEbits   0x000f84       data     extern C:\MCC18\src\traditional\proc\p18F4550.asm
                    PORTE   0x000f84       data     extern C:\MCC18\src\traditional\proc\p18F4550.asm
                     LATA   0x000f89       data     extern C:\MCC18\src\traditional\proc\p18F4550.asm
                 LATAbits   0x000f89       data     extern C:\MCC18\src\traditional\proc\p18F4550.asm
                 LATBbits   0x000f8a       data     extern C:\MCC18\src\traditional\proc\p18F4550.asm
                     LATB   0x000f8a       data     extern C:\MCC18\src\traditional\proc\p18F4550.asm
                     LATC   0x000f8b       data     extern C:\MCC18\src\traditional\proc\p18F4550.asm
                 LATCbits   0x000f8b       data     extern C:\MCC18\src\traditional\proc\p18F4550.asm
                     LATD   0x000f8c       data     extern C:\MCC18\src\traditional\proc\p18F4550.asm
                 LATDbits   0x000f8c       data     extern C:\MCC18\src\traditional\proc\p18F4550.asm
                     LATE   0x000f8d       data     extern C:\MCC18\src\traditional\proc\p18F4550.asm
                 LATEbits   0x000f8d       data     extern C:\MCC18\src\traditional\proc\p18F4550.asm
                 DDRAbits   0x000f92       data     extern C:\MCC18\src\traditional\proc\p18F4550.asm
                     DDRA   0x000f92       data     extern C:\MCC18\src\traditional\proc\p18F4550.asm
                TRISAbits   0x000f92       data     extern C:\MCC18\src\traditional\proc\p18F4550.asm
                    TRISA   0x000f92       data     extern C:\MCC18\src\traditional\proc\p18F4550.asm
                TRISBbits   0x000f93       data     extern C:\MCC18\src\traditional\proc\p18F4550.asm
                    TRISB   0x000f93       data     extern C:\MCC18\src\traditional\proc\p18F4550.asm
                     DDRB   0x000f93       data     extern C:\MCC18\src\traditional\proc\p18F4550.asm
                 DDRBbits   0x000f93       data     extern C:\MCC18\src\traditional\proc\p18F4550.asm
                     DDRC   0x000f94       data     extern C:\MCC18\src\traditional\proc\p18F4550.asm
                 DDRCbits   0x000f94       data     extern C:\MCC18\src\traditional\proc\p18F4550.asm
                TRISCbits   0x000f94       data     extern C:\MCC18\src\traditional\proc\p18F4550.asm
                    TRISC   0x000f94       data     extern C:\MCC18\src\traditional\proc\p18F4550.asm
                     DDRD   0x000f95       data     extern C:\MCC18\src\traditional\proc\p18F4550.asm
                TRISDbits   0x000f95       data     extern C:\MCC18\src\traditional\proc\p18F4550.asm
                    TRISD   0x000f95       data     extern C:\MCC18\src\traditional\proc\p18F4550.asm
                 DDRDbits   0x000f95       data     extern C:\MCC18\src\traditional\proc\p18F4550.asm
                     DDRE   0x000f96       data     extern C:\MCC18\src\traditional\proc\p18F4550.asm
                 DDREbits   0x000f96       data     extern C:\MCC18\src\traditional\proc\p18F4550.asm
                    TRISE   0x000f96       data     extern C:\MCC18\src\traditional\proc\p18F4550.asm
                TRISEbits   0x000f96       data     extern C:\MCC18\src\traditional\proc\p18F4550.asm
              OSCTUNEbits   0x000f9b       data     extern C:\MCC18\src\traditional\proc\p18F4550.asm
                  OSCTUNE   0x000f9b       data     extern C:\MCC18\src\traditional\proc\p18F4550.asm
                     PIE1   0x000f9d       data     extern C:\MCC18\src\traditional\proc\p18F4550.asm
                 PIE1bits   0x000f9d       data     extern C:\MCC18\src\traditional\proc\p18F4550.asm
                     PIR1   0x000f9e       data     extern C:\MCC18\src\traditional\proc\p18F4550.asm
                 PIR1bits   0x000f9e       data     extern C:\MCC18\src\traditional\proc\p18F4550.asm
                     IPR1   0x000f9f       data     extern C:\MCC18\src\traditional\proc\p18F4550.asm
                 IPR1bits   0x000f9f       data     extern C:\MCC18\src\traditional\proc\p18F4550.asm
                     PIE2   0x000fa0       data     extern C:\MCC18\src\traditional\proc\p18F4550.asm
                 PIE2bits   0x000fa0       data     extern C:\MCC18\src\traditional\proc\p18F4550.asm
                     PIR2   0x000fa1       data     extern C:\MCC18\src\traditional\proc\p18F4550.asm
                 PIR2bits   0x000fa1       data     extern C:\MCC18\src\traditional\proc\p18F4550.asm
                     IPR2   0x000fa2       data     extern C:\MCC18\src\traditional\proc\p18F4550.asm
                 IPR2bits   0x000fa2       data     extern C:\MCC18\src\traditional\proc\p18F4550.asm
                   EECON1   0x000fa6       data     extern C:\MCC18\src\traditional\proc\p18F4550.asm
               EECON1bits   0x000fa6       data     extern C:\MCC18\src\traditional\proc\p18F4550.asm
                   EECON2   0x000fa7       data     extern C:\MCC18\src\traditional\proc\p18F4550.asm
                   EEDATA   0x000fa8       data     extern C:\MCC18\src\traditional\proc\p18F4550.asm
                    EEADR   0x000fa9       data     extern C:\MCC18\src\traditional\proc\p18F4550.asm
                RCSTAbits   0x000fab       data     extern C:\MCC18\src\traditional\proc\p18F4550.asm
                    RCSTA   0x000fab       data     extern C:\MCC18\src\traditional\proc\p18F4550.asm
                TXSTAbits   0x000fac       data     extern C:\MCC18\src\traditional\proc\p18F4550.asm
                    TXSTA   0x000fac       data     extern C:\MCC18\src\traditional\proc\p18F4550.asm
                    TXREG   0x000fad       data     extern C:\MCC18\src\traditional\proc\p18F4550.asm
                    RCREG   0x000fae       data     extern C:\MCC18\src\traditional\proc\p18F4550.asm
                    SPBRG   0x000faf       data     extern C:\MCC18\src\traditional\proc\p18F4550.asm
                   SPBRGH   0x000fb0       data     extern C:\MCC18\src\traditional\proc\p18F4550.asm
                T3CONbits   0x000fb1       data     extern C:\MCC18\src\traditional\proc\p18F4550.asm
                    T3CON   0x000fb1       data     extern C:\MCC18\src\traditional\proc\p18F4550.asm
                    TMR3L   0x000fb2       data     extern C:\MCC18\src\traditional\proc\p18F4550.asm
                    TMR3H   0x000fb3       data     extern C:\MCC18\src\traditional\proc\p18F4550.asm
                    CMCON   0x000fb4       data     extern C:\MCC18\src\traditional\proc\p18F4550.asm
                CMCONbits   0x000fb4       data     extern C:\MCC18\src\traditional\proc\p18F4550.asm
                   CVRCON   0x000fb5       data     extern C:\MCC18\src\traditional\proc\p18F4550.asm
               CVRCONbits   0x000fb5       data     extern C:\MCC18\src\traditional\proc\p18F4550.asm
                  ECCP1AS   0x000fb6       data     extern C:\MCC18\src\traditional\proc\p18F4550.asm
              ECCP1ASbits   0x000fb6       data     extern C:\MCC18\src\traditional\proc\p18F4550.asm
               CCP1ASbits   0x000fb6       data     extern C:\MCC18\src\traditional\proc\p18F4550.asm
                   CCP1AS   0x000fb6       data     extern C:\MCC18\src\traditional\proc\p18F4550.asm
                  CCP1DEL   0x000fb7       data     extern C:\MCC18\src\traditional\proc\p18F4550.asm
              CCP1DELbits   0x000fb7       data     extern C:\MCC18\src\traditional\proc\p18F4550.asm
                 ECCP1DEL   0x000fb7       data     extern C:\MCC18\src\traditional\proc\p18F4550.asm
             ECCP1DELbits   0x000fb7       data     extern C:\MCC18\src\traditional\proc\p18F4550.asm
                  BAUDCON   0x000fb8       data     extern C:\MCC18\src\traditional\proc\p18F4550.asm
              BAUDCONbits   0x000fb8       data     extern C:\MCC18\src\traditional\proc\p18F4550.asm
              CCP2CONbits   0x000fba       data     extern C:\MCC18\src\traditional\proc\p18F4550.asm
                  CCP2CON   0x000fba       data     extern C:\MCC18\src\traditional\proc\p18F4550.asm
                    CCPR2   0x000fbb       data     extern C:\MCC18\src\traditional\proc\p18F4550.asm
                   CCPR2L   0x000fbb       data     extern C:\MCC18\src\traditional\proc\p18F4550.asm
                   CCPR2H   0x000fbc       data     extern C:\MCC18\src\traditional\proc\p18F4550.asm
             ECCP1CONbits   0x000fbd       data     extern C:\MCC18\src\traditional\proc\p18F4550.asm
                 ECCP1CON   0x000fbd       data     extern C:\MCC18\src\traditional\proc\p18F4550.asm
                  CCP1CON   0x000fbd       data     extern C:\MCC18\src\traditional\proc\p18F4550.asm
              CCP1CONbits   0x000fbd       data     extern C:\MCC18\src\traditional\proc\p18F4550.asm
                    CCPR1   0x000fbe       data     extern C:\MCC18\src\traditional\proc\p18F4550.asm
                   CCPR1L   0x000fbe       data     extern C:\MCC18\src\traditional\proc\p18F4550.asm
                   CCPR1H   0x000fbf       data     extern C:\MCC18\src\traditional\proc\p18F4550.asm
               ADCON2bits   0x000fc0       data     extern C:\MCC18\src\traditional\proc\p18F4550.asm
                   ADCON2   0x000fc0       data     extern C:\MCC18\src\traditional\proc\p18F4550.asm
               ADCON1bits   0x000fc1       data     extern C:\MCC18\src\traditional\proc\p18F4550.asm
                   ADCON1   0x000fc1       data     extern C:\MCC18\src\traditional\proc\p18F4550.asm
                   ADCON0   0x000fc2       data     extern C:\MCC18\src\traditional\proc\p18F4550.asm
               ADCON0bits   0x000fc2       data     extern C:\MCC18\src\traditional\proc\p18F4550.asm
                   ADRESL   0x000fc3       data     extern C:\MCC18\src\traditional\proc\p18F4550.asm
                    ADRES   0x000fc3       data     extern C:\MCC18\src\traditional\proc\p18F4550.asm
                   ADRESH   0x000fc4       data     extern C:\MCC18\src\traditional\proc\p18F4550.asm
              SSPCON2bits   0x000fc5       data     extern C:\MCC18\src\traditional\proc\p18F4550.asm
                  SSPCON2   0x000fc5       data     extern C:\MCC18\src\traditional\proc\p18F4550.asm
              SSPCON1bits   0x000fc6       data     extern C:\MCC18\src\traditional\proc\p18F4550.asm
                  SSPCON1   0x000fc6       data     extern C:\MCC18\src\traditional\proc\p18F4550.asm
              SSPSTATbits   0x000fc7       data     extern C:\MCC18\src\traditional\proc\p18F4550.asm
                  SSPSTAT   0x000fc7       data     extern C:\MCC18\src\traditional\proc\p18F4550.asm
                   SSPADD   0x000fc8       data     extern C:\MCC18\src\traditional\proc\p18F4550.asm
                   SSPBUF   0x000fc9       data     extern C:\MCC18\src\traditional\proc\p18F4550.asm
                T2CONbits   0x000fca       data     extern C:\MCC18\src\traditional\proc\p18F4550.asm
                    T2CON   0x000fca       data     extern C:\MCC18\src\traditional\proc\p18F4550.asm
                      PR2   0x000fcb       data     extern C:\MCC18\src\traditional\proc\p18F4550.asm
                     TMR2   0x000fcc       data     extern C:\MCC18\src\traditional\proc\p18F4550.asm
                T1CONbits   0x000fcd       data     extern C:\MCC18\src\traditional\proc\p18F4550.asm
                    T1CON   0x000fcd       data     extern C:\MCC18\src\traditional\proc\p18F4550.asm
                    TMR1L   0x000fce       data     extern C:\MCC18\src\traditional\proc\p18F4550.asm
                    TMR1H   0x000fcf       data     extern C:\MCC18\src\traditional\proc\p18F4550.asm
                 RCONbits   0x000fd0       data     extern C:\MCC18\src\traditional\proc\p18F4550.asm
                     RCON   0x000fd0       data     extern C:\MCC18\src\traditional\proc\p18F4550.asm
               WDTCONbits   0x000fd1       data     extern C:\MCC18\src\traditional\proc\p18F4550.asm
                   WDTCON   0x000fd1       data     extern C:\MCC18\src\traditional\proc\p18F4550.asm
                  HLVDCON   0x000fd2       data     extern C:\MCC18\src\traditional\proc\p18F4550.asm
               LVDCONbits   0x000fd2       data     extern C:\MCC18\src\traditional\proc\p18F4550.asm
                   LVDCON   0x000fd2       data     extern C:\MCC18\src\traditional\proc\p18F4550.asm
              HLVDCONbits   0x000fd2       data     extern C:\MCC18\src\traditional\proc\p18F4550.asm
               OSCCONbits   0x000fd3       data     extern C:\MCC18\src\traditional\proc\p18F4550.asm
                   OSCCON   0x000fd3       data     extern C:\MCC18\src\traditional\proc\p18F4550.asm
                T0CONbits   0x000fd5       data     extern C:\MCC18\src\traditional\proc\p18F4550.asm
                    T0CON   0x000fd5       data     extern C:\MCC18\src\traditional\proc\p18F4550.asm
                    TMR0L   0x000fd6       data     extern C:\MCC18\src\traditional\proc\p18F4550.asm
                    TMR0H   0x000fd7       data     extern C:\MCC18\src\traditional\proc\p18F4550.asm
               STATUSbits   0x000fd8       data     extern C:\MCC18\src\traditional\proc\p18F4550.asm
                   STATUS   0x000fd8       data     extern C:\MCC18\src\traditional\proc\p18F4550.asm
                    FSR2L   0x000fd9       data     extern C:\MCC18\src\traditional\proc\p18F4550.asm
                     FSR2   0x000fd9       data     extern C:\MCC18\src\traditional\proc\p18F4550.asm
                    FSR2H   0x000fda       data     extern C:\MCC18\src\traditional\proc\p18F4550.asm
                   PLUSW2   0x000fdb       data     extern C:\MCC18\src\traditional\proc\p18F4550.asm
                  PREINC2   0x000fdc       data     extern C:\MCC18\src\traditional\proc\p18F4550.asm
                 POSTDEC2   0x000fdd       data     extern C:\MCC18\src\traditional\proc\p18F4550.asm
                 POSTINC2   0x000fde       data     extern C:\MCC18\src\traditional\proc\p18F4550.asm
                    INDF2   0x000fdf       data     extern C:\MCC18\src\traditional\proc\p18F4550.asm
                      BSR   0x000fe0       data     extern C:\MCC18\src\traditional\proc\p18F4550.asm
                     FSR1   0x000fe1       data     extern C:\MCC18\src\traditional\proc\p18F4550.asm
                    FSR1L   0x000fe1       data     extern C:\MCC18\src\traditional\proc\p18F4550.asm
                    FSR1H   0x000fe2       data     extern C:\MCC18\src\traditional\proc\p18F4550.asm
                   PLUSW1   0x000fe3       data     extern C:\MCC18\src\traditional\proc\p18F4550.asm
                  PREINC1   0x000fe4       data     extern C:\MCC18\src\traditional\proc\p18F4550.asm
                 POSTDEC1   0x000fe5       data     extern C:\MCC18\src\traditional\proc\p18F4550.asm
                 POSTINC1   0x000fe6       data     extern C:\MCC18\src\traditional\proc\p18F4550.asm
                    INDF1   0x000fe7       data     extern C:\MCC18\src\traditional\proc\p18F4550.asm
                     WREG   0x000fe8       data     extern C:\MCC18\src\traditional\proc\p18F4550.asm
                     FSR0   0x000fe9       data     extern C:\MCC18\src\traditional\proc\p18F4550.asm
                    FSR0L   0x000fe9       data     extern C:\MCC18\src\traditional\proc\p18F4550.asm
                    FSR0H   0x000fea       data     extern C:\MCC18\src\traditional\proc\p18F4550.asm
                   PLUSW0   0x000feb       data     extern C:\MCC18\src\traditional\proc\p18F4550.asm
                  PREINC0   0x000fec       data     extern C:\MCC18\src\traditional\proc\p18F4550.asm
                 POSTDEC0   0x000fed       data     extern C:\MCC18\src\traditional\proc\p18F4550.asm
                 POSTINC0   0x000fee       data     extern C:\MCC18\src\traditional\proc\p18F4550.asm
                    INDF0   0x000fef       data     extern C:\MCC18\src\traditional\proc\p18F4550.asm
              INTCON3bits   0x000ff0       data     extern C:\MCC18\src\traditional\proc\p18F4550.asm
                  INTCON3   0x000ff0       data     extern C:\MCC18\src\traditional\proc\p18F4550.asm
              INTCON2bits   0x000ff1       data     extern C:\MCC18\src\traditional\proc\p18F4550.asm
                  INTCON2   0x000ff1       data     extern C:\MCC18\src\traditional\proc\p18F4550.asm
               INTCONbits   0x000ff2       data     extern C:\MCC18\src\traditional\proc\p18F4550.asm
                   INTCON   0x000ff2       data     extern C:\MCC18\src\traditional\proc\p18F4550.asm
                     PROD   0x000ff3       data     extern C:\MCC18\src\traditional\proc\p18F4550.asm
                    PRODL   0x000ff3       data     extern C:\MCC18\src\traditional\proc\p18F4550.asm
                    PRODH   0x000ff4       data     extern C:\MCC18\src\traditional\proc\p18F4550.asm
                   TABLAT   0x000ff5       data     extern C:\MCC18\src\traditional\proc\p18F4550.asm
                  TBLPTRL   0x000ff6       data     extern C:\MCC18\src\traditional\proc\p18F4550.asm
                   TBLPTR   0x000ff6       data     extern C:\MCC18\src\traditional\proc\p18F4550.asm
                  TBLPTRH   0x000ff7       data     extern C:\MCC18\src\traditional\proc\p18F4550.asm
                  TBLPTRU   0x000ff8       data     extern C:\MCC18\src\traditional\proc\p18F4550.asm
                       PC   0x000ff9       data     extern C:\MCC18\src\traditional\proc\p18F4550.asm
                      PCL   0x000ff9       data     extern C:\MCC18\src\traditional\proc\p18F4550.asm
                   PCLATH   0x000ffa       data     extern C:\MCC18\src\traditional\proc\p18F4550.asm
                   PCLATU   0x000ffb       data     extern C:\MCC18\src\traditional\proc\p18F4550.asm
                   STKPTR   0x000ffc       data     extern C:\MCC18\src\traditional\proc\p18F4550.asm
               STKPTRbits   0x000ffc       data     extern C:\MCC18\src\traditional\proc\p18F4550.asm
                      TOS   0x000ffd       data     extern C:\MCC18\src\traditional\proc\p18F4550.asm
                     TOSL   0x000ffd       data     extern C:\MCC18\src\traditional\proc\p18F4550.asm
                     TOSH   0x000ffe       data     extern C:\MCC18\src\traditional\proc\p18F4550.asm
                     TOSU   0x000fff       data     extern C:\MCC18\src\traditional\proc\p18F4550.asm


